[     438ms] Error: Unauthorized
    at http://localhost:6099/webui/assets/index-Bqn9ggA_.js:50:6007
    at async fr.request (http://localhost:6099/webui/assets/index-Bqn9ggA_.js:49:1998)
    at async Ja.checkWebUiLogined (http://localhost:6099/webui/assets/index-Bqn9ggA_.js:50:6100)
    at fr.request (http://localhost:6099/webui/assets/index-Bqn9ggA_.js:49:2094)
    at async Ja.checkWebUiLogined (http://localhost:6099/webui/assets/index-Bqn9ggA_.js:50:6100)
[     476ms] [LOG] SW registered:  ServiceWorkerRegistration @ http://localhost:6099/webui/assets/index-Bqn9ggA_.js:60
[     821ms] [ERROR] SSE连接出错: I @ http://localhost:6099/webui/assets/index-Bqn9ggA_.js:50
[     821ms] [ERROR] EventSource's response has a Content-Type specifying an unsupported type: application/json; charset=utf-8. Aborting the connection. @ http://localhost:6099/webui/assets/index-Bqn9ggA_.js:43
[     822ms] [ERROR] Error: Unauthorized
    at http://localhost:6099/webui/assets/index-Bqn9ggA_.js:50:6007
    at async fr.request (http://localhost:6099/webui/assets/index-Bqn9ggA_.js:49:1998)
    at async Object.getQQLoginInfo [as current] (http://localhost:6099/webui/assets/qq_manager-8s2H0Sdl.js:1:907)
    at fr.request (http://localhost:6099/webui/assets/index-Bqn9ggA_.js:49:2094)
    at async Object.getQQLoginInfo [as current] (http://localhost:6099/webui/assets/qq_manager-8s2H0Sdl.js:1:907) @ http://localhost:6099/webui/assets/react-dom-CwaHFgt6.js:236
[     822ms] [ERROR] Error: Unauthorized
    at http://localhost:6099/webui/assets/index-Bqn9ggA_.js:50:6007
    at async fr.request (http://localhost:6099/webui/assets/index-Bqn9ggA_.js:49:1998)
    at async getLatestTag (http://localhost:6099/webui/assets/index-Bqn9ggA_.js:50:6688)
    at fr.request (http://localhost:6099/webui/assets/index-Bqn9ggA_.js:49:2094)
    at async getLatestTag (http://localhost:6099/webui/assets/index-Bqn9ggA_.js:50:6688) @ http://localhost:6099/webui/assets/react-dom-CwaHFgt6.js:236
[     822ms] [ERROR] Error: Unauthorized
    at http://localhost:6099/webui/assets/index-Bqn9ggA_.js:50:6007
    at async fr.request (http://localhost:6099/webui/assets/index-Bqn9ggA_.js:49:1998)
    at async GetNapCatVersion (http://localhost:6099/webui/assets/index-Bqn9ggA_.js:50:6593)
    at fr.request (http://localhost:6099/webui/assets/index-Bqn9ggA_.js:49:2094)
    at async GetNapCatVersion (http://localhost:6099/webui/assets/index-Bqn9ggA_.js:50:6593) @ http://localhost:6099/webui/assets/react-dom-CwaHFgt6.js:236
[     823ms] [ERROR] Error: Unauthorized
    at http://localhost:6099/webui/assets/index-Bqn9ggA_.js:50:6007
    at async fr.request (http://localhost:6099/webui/assets/index-Bqn9ggA_.js:49:1998)
    at async getQQVersion (http://localhost:6099/webui/assets/index-Bqn9ggA_.js:50:7356)
    at fr.request (http://localhost:6099/webui/assets/index-Bqn9ggA_.js:49:2094)
    at async getQQVersion (http://localhost:6099/webui/assets/index-Bqn9ggA_.js:50:7356) @ http://localhost:6099/webui/assets/react-dom-CwaHFgt6.js:236
[     835ms] Error: Unauthorized
    at http://localhost:6099/webui/assets/index-Bqn9ggA_.js:50:6007
    at async fr.request (http://localhost:6099/webui/assets/index-Bqn9ggA_.js:49:1998)
    at async d.getOB11Config (http://localhost:6099/webui/assets/qq_manager-8s2H0Sdl.js:1:85)
    at async refreshConfig (http://localhost:6099/webui/assets/use-config-Bk4JqfTs.js:1:540)
[     893ms] [LOG] Passkey login failed or not available: Error: No passkeys registered
    at http://localhost:6099/webui/assets/index-Bqn9ggA_.js:50:6007
    at async fr.request (http://localhost:6099/webui/assets/index-Bqn9ggA_.js:49:1998)
    at async Ja.generatePasskeyAuthenticationOptions (http://localhost:6099/webui/assets/index-Bqn9ggA_.js:51:1683)
    at async S (http://localhost:6099/webui/assets/web_login-By_mr7m7.js:1:1320) @ http://localhost:6099/webui/assets/web_login-By_mr7m7.js:0
